Traceback (most recent call last):
  File "/home/ryan/miniconda3/envs/jupbook01/lib/python3.11/site-packages/jupyter_cache/executors/utils.py", line 58, in single_nb_execution
    executenb(
  File "/home/ryan/miniconda3/envs/jupbook01/lib/python3.11/site-packages/nbclient/client.py", line 1323, in execute
    return NotebookClient(nb=nb, resources=resources, km=km, **kwargs).execute()
           ^^^^^^^^^^^^^^^^^^^^^^^^^^^^^^^^^^^^^^^^^^^^^^^^^^^^^^^^^^^^^^^^^^^^^
  File "/home/ryan/miniconda3/envs/jupbook01/lib/python3.11/site-packages/jupyter_core/utils/__init__.py", line 165, in wrapped
    return loop.run_until_complete(inner)
           ^^^^^^^^^^^^^^^^^^^^^^^^^^^^^^
  File "/home/ryan/miniconda3/envs/jupbook01/lib/python3.11/asyncio/base_events.py", line 654, in run_until_complete
    return future.result()
           ^^^^^^^^^^^^^^^
  File "/home/ryan/miniconda3/envs/jupbook01/lib/python3.11/site-packages/nbclient/client.py", line 709, in async_execute
    await self.async_execute_cell(
  File "/home/ryan/miniconda3/envs/jupbook01/lib/python3.11/site-packages/nbclient/client.py", line 1062, in async_execute_cell
    await self._check_raise_for_error(cell, cell_index, exec_reply)
  File "/home/ryan/miniconda3/envs/jupbook01/lib/python3.11/site-packages/nbclient/client.py", line 918, in _check_raise_for_error
    raise CellExecutionError.from_cell_and_msg(cell, exec_reply_content)
nbclient.exceptions.CellExecutionError: An error occurred while executing the following cell:
------------------
from matplotlib import animation
from IPython.display import HTML

fig, ax = plt.subplots()

ax.axis(ax_lims*1.3)
ax.set_aspect('equal')

ax.set_xlabel('x-position (m)')
ax.set_ylabel('y-position (m)')

line, = ax.plot([], [], '--')
marker, = ax.plot([], [], 'o', markersize=10)

# 2. Create an initializing (`init`) function that clears the previous line and marker

def init():
    line.set_data([], [])
    marker.set_data([], [])
    return (line,marker,)

# 3. Create an animating (`animate`) function that updates the line

def animate(i):
    '''function that updates the line and marker data
    arguments:
    ----------
    i: index of timestep
    outputs:
    --------
    line: the line object plotted in the above ax.plot(...)
    marker: the marker for the end of the 2-bar linkage plotted above with ax.plot('...','o')'''
    line.set_data(xp[:i], yp[:i])
    marker.set_data([xp[i-1], yp[i-1]])
    return (line, marker, )

# 4. Create an animation (`anim`) variable using the `animation.FuncAnimation`

anim = animation.FuncAnimation(fig, animate, init_func=init,
                               frames=range(0,len(sol.t)), interval=30, 
                               blit=True)

HTML(anim.to_html5_video())
------------------


[31m---------------------------------------------------------------------------[39m
[31mRuntimeError[39m                              Traceback (most recent call last)
[36mCell[39m[36m [39m[32mIn[7][39m[32m, line 43[39m
[32m     37[39m [38;5;66;03m# 4. Create an animation (`anim`) variable using the `animation.FuncAnimation`[39;00m
[32m     39[39m anim = animation.FuncAnimation(fig, animate, init_func=init,
[32m     40[39m                                frames=[38;5;28mrange[39m([32m0[39m,[38;5;28mlen[39m(sol.t)), interval=[32m30[39m, 
[32m     41[39m                                blit=[38;5;28;01mTrue[39;00m)
[32m---> [39m[32m43[39m HTML([43manim[49m[43m.[49m[43mto_html5_video[49m[43m([49m[43m)[49m)

[36mFile [39m[32m~/miniconda3/envs/jupbook01/lib/python3.11/site-packages/matplotlib/animation.py:1306[39m, in [36mAnimation.to_html5_video[39m[34m(self, embed_limit)[39m
[32m   1302[39m Writer = writers[mpl.rcParams[[33m'[39m[33manimation.writer[39m[33m'[39m]]
[32m   1303[39m writer = Writer(codec=[33m'[39m[33mh264[39m[33m'[39m,
[32m   1304[39m                 bitrate=mpl.rcParams[[33m'[39m[33manimation.bitrate[39m[33m'[39m],
[32m   1305[39m                 fps=[32m1000.[39m / [38;5;28mself[39m._interval)
[32m-> [39m[32m1306[39m [38;5;28;43mself[39;49m[43m.[49m[43msave[49m[43m([49m[38;5;28;43mstr[39;49m[43m([49m[43mpath[49m[43m)[49m[43m,[49m[43m [49m[43mwriter[49m[43m=[49m[43mwriter[49m[43m)[49m
[32m   1307[39m [38;5;66;03m# Now open and base64 encode.[39;00m
[32m   1308[39m vid64 = base64.encodebytes(path.read_bytes())

[36mFile [39m[32m~/miniconda3/envs/jupbook01/lib/python3.11/site-packages/matplotlib/animation.py:1122[39m, in [36mAnimation.save[39m[34m(self, filename, writer, fps, dpi, codec, bitrate, extra_args, metadata, extra_anim, savefig_kwargs, progress_callback)[39m
[32m   1119[39m [38;5;28;01mfor[39;00m data [38;5;129;01min[39;00m [38;5;28mzip[39m(*[a.new_saved_frame_seq() [38;5;28;01mfor[39;00m a [38;5;129;01min[39;00m all_anim]):
[32m   1120[39m     [38;5;28;01mfor[39;00m anim, d [38;5;129;01min[39;00m [38;5;28mzip[39m(all_anim, data):
[32m   1121[39m         [38;5;66;03m# TODO: See if turning off blit is really necessary[39;00m
[32m-> [39m[32m1122[39m         [43manim[49m[43m.[49m[43m_draw_next_frame[49m[43m([49m[43md[49m[43m,[49m[43m [49m[43mblit[49m[43m=[49m[38;5;28;43;01mFalse[39;49;00m[43m)[49m
[32m   1123[39m         [38;5;28;01mif[39;00m progress_callback [38;5;129;01mis[39;00m [38;5;129;01mnot[39;00m [38;5;28;01mNone[39;00m:
[32m   1124[39m             progress_callback(frame_number, total_frames)

[36mFile [39m[32m~/miniconda3/envs/jupbook01/lib/python3.11/site-packages/matplotlib/animation.py:1157[39m, in [36mAnimation._draw_next_frame[39m[34m(self, framedata, blit)[39m
[32m   1153[39m [38;5;28;01mdef[39;00m[38;5;250m [39m[34m_draw_next_frame[39m([38;5;28mself[39m, framedata, blit):
[32m   1154[39m     [38;5;66;03m# Breaks down the drawing of the next frame into steps of pre- and[39;00m
[32m   1155[39m     [38;5;66;03m# post- draw, as well as the drawing of the frame itself.[39;00m
[32m   1156[39m     [38;5;28mself[39m._pre_draw(framedata, blit)
[32m-> [39m[32m1157[39m     [38;5;28;43mself[39;49m[43m.[49m[43m_draw_frame[49m[43m([49m[43mframedata[49m[43m)[49m
[32m   1158[39m     [38;5;28mself[39m._post_draw(framedata, blit)

[36mFile [39m[32m~/miniconda3/envs/jupbook01/lib/python3.11/site-packages/matplotlib/animation.py:1789[39m, in [36mFuncAnimation._draw_frame[39m[34m(self, framedata)[39m
[32m   1785[39m     [38;5;28mself[39m._save_seq = [38;5;28mself[39m._save_seq[-[38;5;28mself[39m._save_count:]
[32m   1787[39m [38;5;66;03m# Call the func with framedata and args. If blitting is desired,[39;00m
[32m   1788[39m [38;5;66;03m# func needs to return a sequence of any artists that were modified.[39;00m
[32m-> [39m[32m1789[39m [38;5;28mself[39m._drawn_artists = [38;5;28;43mself[39;49m[43m.[49m[43m_func[49m[43m([49m[43mframedata[49m[43m,[49m[43m [49m[43m*[49m[38;5;28;43mself[39;49m[43m.[49m[43m_args[49m[43m)[49m
[32m   1791[39m [38;5;28;01mif[39;00m [38;5;28mself[39m._blit:
[32m   1793[39m     err = [38;5;167;01mRuntimeError[39;00m([33m'[39m[33mThe animation function must return a sequence [39m[33m'[39m
[32m   1794[39m                        [33m'[39m[33mof Artist objects.[39m[33m'[39m)

[36mCell[39m[36m [39m[32mIn[7][39m[32m, line 34[39m, in [36manimate[39m[34m(i)[39m
[32m     25[39m [38;5;250m[39m[33;03m'''function that updates the line and marker data[39;00m
[32m     26[39m [33;03marguments:[39;00m
[32m     27[39m [33;03m----------[39;00m
[32m   (...)[39m[32m     31[39m [33;03mline: the line object plotted in the above ax.plot(...)[39;00m
[32m     32[39m [33;03mmarker: the marker for the end of the 2-bar linkage plotted above with ax.plot('...','o')'''[39;00m
[32m     33[39m line.set_data(xp[:i], yp[:i])
[32m---> [39m[32m34[39m [43mmarker[49m[43m.[49m[43mset_data[49m[43m([49m[43m[[49m[43mxp[49m[43m[[49m[43mi[49m[43m-[49m[32;43m1[39;49m[43m][49m[43m,[49m[43m [49m[43myp[49m[43m[[49m[43mi[49m[43m-[49m[32;43m1[39;49m[43m][49m[43m][49m[43m)[49m
[32m     35[39m [38;5;28;01mreturn[39;00m (line, marker, )

[36mFile [39m[32m~/miniconda3/envs/jupbook01/lib/python3.11/site-packages/matplotlib/lines.py:680[39m, in [36mLine2D.set_data[39m[34m(self, *args)[39m
[32m    677[39m [38;5;28;01melse[39;00m:
[32m    678[39m     x, y = args
[32m--> [39m[32m680[39m [38;5;28;43mself[39;49m[43m.[49m[43mset_xdata[49m[43m([49m[43mx[49m[43m)[49m
[32m    681[39m [38;5;28mself[39m.set_ydata(y)

[36mFile [39m[32m~/miniconda3/envs/jupbook01/lib/python3.11/site-packages/matplotlib/lines.py:1304[39m, in [36mLine2D.set_xdata[39m[34m(self, x)[39m
[32m   1291[39m [38;5;250m[39m[33;03m"""[39;00m
[32m   1292[39m [33;03mSet the data array for x.[39;00m
[32m   1293[39m 
[32m   (...)[39m[32m   1301[39m [33;03mset_ydata[39;00m
[32m   1302[39m [33;03m"""[39;00m
[32m   1303[39m [38;5;28;01mif[39;00m [38;5;129;01mnot[39;00m np.iterable(x):
[32m-> [39m[32m1304[39m     [38;5;28;01mraise[39;00m [38;5;167;01mRuntimeError[39;00m([33m'[39m[33mx must be a sequence[39m[33m'[39m)
[32m   1305[39m [38;5;28mself[39m._xorig = copy.copy(x)
[32m   1306[39m [38;5;28mself[39m._invalidx = [38;5;28;01mTrue[39;00m

[31mRuntimeError[39m: x must be a sequence

